**********************
Windows PowerShell transcript start
Start time: 20260819171051
Username: LAPTOP-RVB8BD8V\ACER
RunAs User: LAPTOP-RVB8BD8V\ACER
Configuration Name: 
Machine: LAPTOP-RVB8BD8V (Microsoft Windows NT 10.0.26200.0)
Host Application: C:\Windows\System32\WindowsPowerShell\v1.0\powershell.exe -NoProfile -ExecutionPolicy Bypass -File setup.ps1 -DryRun
Process ID: 15164
PSVersion: 5.1.26100.9168
PSEdition: Desktop
PSCompatibleVersions: 1.0, 2.0, 3.0, 4.0, 5.0, 5.1.26100.9168
BuildVersion: 10.0.26100.9168
CLRVersion: 4.0.30319.42000
WSManStackVersion: 3.0
PSRemotingProtocolVersion: 2.3
SerializationVersion: 1.1.0.1
**********************
  ⚠ Chế độ thử: sẽ không build, không ghi .env, không tạo shortcut.

[1/8] Kiểm tra máy
  ✗ Cần ít nhất 20 GB trống, ổ đĩa hiện còn 13 GB.
  ✗ Chỗ tốn dung lượng là file vhdx của WSL2, không phải thư mục cài.
**********************
Windows PowerShell transcript end
End time: 20260819171052
**********************
